<html>
<body>
<pre>
<h1>µVision Build Log</h1>
<h2>Project:</h2>
C:\Users\Administrator\Documents\KeilC\STM32\DemoUart\Project\RVMDK\DemoUart.uvproj
Project File Date:  03/24/2015

<h2>Output:</h2>
Build target 'DemoUart'
Clean started - Project: 'DemoUart'
   deleting intermediate output files for target 'DemoUart'
compiling main.c...
..\main.c(134): warning:  #1-D: last line of file ends without a newline
  }   
..\main.c: 1 warning, 0 errors
compiling stm32f10x_it.c...
compiling STM32vldiscovery.c...
compiling misc.c...
compiling stm32f10x_exti.c...
compiling stm32f10x_gpio.c...
compiling stm32f10x_rcc.c...
compiling stm32f10x_usart.c...
compiling core_cm3.c...
compiling system_stm32f10x.c...
assembling startup_stm32f10x_cl.s...
linking...
Program Size: Code=4384 RO-data=372 RW-data=40 ZI-data=1024  
".\Obj\DemoUart.axf" - 0 Error(s), 1 Warning(s).

*** Performing Cross-Module-Optimization:
compiling main.c...
..\main.c(134): warning:  #1-D: last line of file ends without a newline
  }   
..\main.c: 1 warning, 0 errors
compiling stm32f10x_it.c...
compiling STM32vldiscovery.c...
compiling misc.c...
compiling stm32f10x_exti.c...
compiling stm32f10x_gpio.c...
compiling stm32f10x_rcc.c...
compiling stm32f10x_usart.c...
compiling core_cm3.c...
compiling system_stm32f10x.c...
linking...
Program Size: Code=2076 RO-data=372 RW-data=20 ZI-data=1028  
compiling main.c...
..\main.c(134): warning:  #1-D: last line of file ends without a newline
  }   
..\main.c: 1 warning, 0 errors
compiling stm32f10x_it.c...
compiling STM32vldiscovery.c...
compiling misc.c...
compiling stm32f10x_exti.c...
compiling stm32f10x_gpio.c...
compiling stm32f10x_rcc.c...
compiling stm32f10x_usart.c...
compiling core_cm3.c...
compiling system_stm32f10x.c...
linking...
Program Size: Code=2076 RO-data=372 RW-data=20 ZI-data=1028  
FromELF: creating hex file...
".\Obj\DemoUart.axf" - 0 Error(s), 1 Warning(s).
*** Completed Cross-Module-Optimization after 3 iteration(s).
</pre>
</body>
</html>
